{
  "test_id": "E2E-003",
  "name": "Mask Only",
  "input_file": "tests/data/tls/tls_1_2-2.pcap",
  "input_hash": "baf39e40187111119c0de19358b3c944a07489806231fd24e6ab922b678b3ded",
  "config": {
    "dedup": false,
    "anon": false,
    "mask": true
  },
  "output_hash": "f638af03eb9dfae58fbf5a8757c2c0b0947bfa2803687d9e18f2ec92ed3b5b03",
  "output_file_size": 2721,
  "packet_count": 14,
  "stats": {
    "packets_processed": 14,
    "packets_modified": 1,
    "duration_ms": 414.370059967041,
    "stages": [
      {
        "name": "Mask Payloads",
        "packets_processed": 14,
        "packets_modified": 1,
        "duration_ms": 9.16910171508789
      }
    ]
  },
  "timestamp": "2025-10-09T19:39:45.488472",
  "version": "1.0"
}