{
  "test_id": "E2E-005",
  "name": "Dedup + Mask",
  "input_file": "tests/data/tls/tls_1_2-2.pcap",
  "input_hash": "baf39e40187111119c0de19358b3c944a07489806231fd24e6ab922b678b3ded",
  "config": {
    "dedup": true,
    "anon": false,
    "mask": true
  },
  "output_hash": "f638af03eb9dfae58fbf5a8757c2c0b0947bfa2803687d9e18f2ec92ed3b5b03",
  "output_file_size": 2721,
  "packet_count": 14,
  "stats": {
    "packets_processed": 14,
    "packets_modified": 1,
    "duration_ms": 427.5820255279541,
    "stages": [
      {
        "name": "DeduplicationStage",
        "packets_processed": 14,
        "packets_modified": 0,
        "duration_ms": 2.457141876220703
      },
      {
        "name": "Mask Payloads",
        "packets_processed": 14,
        "packets_modified": 1,
        "duration_ms": 6.543159484863281
      }
    ]
  },
  "timestamp": "2025-10-09T19:39:46.027327",
  "version": "1.0"
}